Connected to MongoDB.
Already have 35 99acres listing(s) in the DB.

[sector-36 page 1] navigating...
[sector-36 page 1] scanned=1 new=1 inserted so far=1

[sector-36 page 2] navigating...
[sector-36 page 2] no listings found, skipping.

[sector-42 page 1] navigating...
[sector-42 page 1] scanned=25 new=1 inserted so far=1

[sector-42 page 2] navigating...
[sector-42 page 2] scanned=25 new=16 inserted so far=16

[sector-43 page 1] navigating...
[sector-43 page 1] scanned=25 new=41 inserted so far=41

[sector-43 page 2] navigating...
[sector-43 page 2] scanned=25 new=66 inserted so far=66

[sector-44 page 1] navigating...
[sector-44 page 1] scanned=1 new=67 inserted so far=67

[sector-44 page 2] navigating...
[sector-44 page 2] no listings found, skipping.

[sector-45 page 1] navigating...
[sector-45 page 1] scanned=25 new=92 inserted so far=92

[sector-45 page 2] navigating...
[sector-45 page 2] scanned=25 new=117 inserted so far=117

[sector-46 page 1] navigating...
